System.ComponentModel.Win32Exception (2): An error occurred trying to start process 'xdg-open' with working directory '/home/nixboom/dotfiles/nixos'. No such file or directory
   at System.Diagnostics.Process.ForkAndExecProcess(ProcessStartInfo startInfo, String resolvedFilename, String[] argv, String[] envp, String cwd, Boolean setCredentials, UInt32 userId, UInt32 groupId, UInt32[] groups, Int32& stdinFd, Int32& stdoutFd, Int32& stderrFd, Boolean usesTerminal, Boolean throwOnNoExec)
   at System.Diagnostics.Process.StartCore(ProcessStartInfo startInfo)
   at System.Diagnostics.Process.Start(ProcessStartInfo startInfo)
   at Markdown.Avalonia.Utils.DefaultHyperlinkCommand.GoTo(String url)
   at Markdown.Avalonia.Utils.DefaultHyperlinkCommand.Execute(Object parameter)
   at Markdown.Avalonia.Markdown.<TreatsAsHref>b__81_1(String urlTxt)
   at ColorTextBlock.Avalonia.CHyperlink.<MeasureOverride>b__18_0(Control ctrl)
   at ColorTextBlock.Avalonia.CTextBlock.OnPointerReleased(PointerReleasedEventArgs e)
   at Avalonia.Input.InputElement.<>c.<.cctor>b__32_9(InputElement x, PointerReleasedEventArgs e)
   at Avalonia.Reactive.LightweightObservableBase`1.PublishNext(T value)
   at Avalonia.Interactivity.EventRoute.RaiseEventImpl(RoutedEventArgs e)
   at Avalonia.Interactivity.Interactive.RaiseEvent(RoutedEventArgs e)
   at Avalonia.Input.MouseDevice.MouseUp(IMouseDevice device, UInt64 timestamp, IInputRoot root, Point p, PointerPointProperties props, KeyModifiers inputModifiers, IInputElement hitTest)
   at Avalonia.Input.MouseDevice.ProcessRawEvent(RawPointerEventArgs e)
   at Avalonia.X11.X11PlatformThreading.RunLoop(CancellationToken cancellationToken)
   at Avalonia.Threading.DispatcherFrame.Run(IControlledDispatcherImpl impl)
   at Avalonia.Threading.Dispatcher.PushFrame(DispatcherFrame frame)
   at Avalonia.Threading.Dispatcher.MainLoop(CancellationToken cancellationToken)
   at Avalonia.Controls.ApplicationLifetimes.ClassicDesktopStyleApplicationLifetime.Start(String[] args)
   at Avalonia.ClassicDesktopStyleApplicationLifetimeExtensions.StartWithClassicDesktopLifetime(AppBuilder builder, String[] args, ShutdownMode shutdownMode)
   at Lumafly.Program.Main(String[] args) in /build/source/Lumafly/Program.cs:line 60