System.ComponentModel.Win32Exception (2): An error occurred trying to start process 'https://discord.gg/VDsg3HmWuB' with working directory '/home/nixboom/dotfiles/nixos'. No such file or directory
   at System.Diagnostics.Process.ForkAndExecProcess(ProcessStartInfo startInfo, String resolvedFilename, String[] argv, String[] envp, String cwd, Boolean setCredentials, UInt32 userId, UInt32 groupId, UInt32[] groups, Int32& stdinFd, Int32& stdoutFd, Int32& stderrFd, Boolean usesTerminal, Boolean throwOnNoExec)
   at System.Diagnostics.Process.StartCore(ProcessStartInfo startInfo)
   at System.Diagnostics.Process.Start(ProcessStartInfo startInfo)
   at Lumafly.Util.PathUtil.AskForHelp() in /build/source/Lumafly/Util/PathUtil.cs:line 235
   at Lumafly.ViewModels.ErrorPopupViewModel.AskForHelp() in /build/source/Lumafly/ViewModels/ErrorPopupViewModel.cs:line 26
   at CompiledAvaloniaXaml.XamlIlTrampolines.Lumafly:Lumafly.ViewModels.ErrorPopupViewModel+AskForHelp_0!CommandExecuteTrampoline(Object, Object)
   at Avalonia.Markup.Xaml.MarkupExtensions.CompiledBindings.CommandAccessorPlugin.CommandAccessor.Command.Execute(Object parameter)
   at Avalonia.Controls.Button.OnClick()
   at Avalonia.Controls.Button.OnPointerReleased(PointerReleasedEventArgs e)
   at Avalonia.Reactive.LightweightObservableBase`1.PublishNext(T value)
   at Avalonia.Interactivity.EventRoute.RaiseEventImpl(RoutedEventArgs e)
   at Avalonia.Interactivity.Interactive.RaiseEvent(RoutedEventArgs e)
   at Avalonia.Input.MouseDevice.MouseUp(IMouseDevice device, UInt64 timestamp, IInputRoot root, Point p, PointerPointProperties props, KeyModifiers inputModifiers, IInputElement hitTest)
   at Avalonia.Input.MouseDevice.ProcessRawEvent(RawPointerEventArgs e)
   at Avalonia.X11.X11PlatformThreading.RunLoop(CancellationToken cancellationToken)
   at Avalonia.Threading.DispatcherFrame.Run(IControlledDispatcherImpl impl)
   at Avalonia.Threading.Dispatcher.PushFrame(DispatcherFrame frame)
   at Avalonia.Threading.Dispatcher.MainLoop(CancellationToken cancellationToken)
   at Avalonia.Controls.ApplicationLifetimes.ClassicDesktopStyleApplicationLifetime.Start(String[] args)
   at Avalonia.ClassicDesktopStyleApplicationLifetimeExtensions.StartWithClassicDesktopLifetime(AppBuilder builder, String[] args, ShutdownMode shutdownMode)
   at Lumafly.Program.Main(String[] args) in /build/source/Lumafly/Program.cs:line 60